<html>
<body>
<pre>
<h1>µVision Build Log</h1>
<h2>Project:</h2>
C:\Keil\ValvanoWareTM4C123\Senior Design - main\senior_design_Load\Load.uvproj
Project File Date:  03/16/2017

<h2>Output:</h2>
Build target 'Load'
compiling state.c...
linking...
Program Size: Code=2160 RO-data=32 RW-data=292 ZI-data=5068  
".\ADCT0ATrigger.axf" - 0 Error(s), 0 Warning(s).

                static uint16_t index = 0;
ADC.c: 1 warning, 0 errors
compiling state.c...
state.c(53): warning:  #1-D: last line of file ends without a newline
  }
state.c: 1 warning, 0 errors
linking...
Program Size: Code=2160 RO-data=32 RW-data=292 ZI-data=5068  
".\ADCT0ATrigger.axf" - 0 Error(s), 2 Warning(s).
