<html>
<body>
<pre>
<h1>µVision Build Log</h1>
<h2>Project:</h2>
C:\Keil\ValvanoWareTM4C123\Senior Design - main\senior_design_ADC - SPI\ADCT0ATrigger.uvproj
Project File Date:  02/27/2017

<h2>Output:</h2>
Build target 'ADCT0ATrigger'
linking...
Program Size: Code=2508 RO-data=32 RW-data=4 ZI-data=1028  
".\ADCT0ATrigger.axf" - 0 Error(s), 0 Warning(s).
Load "C:\\Keil\\ValvanoWareTM4C123\\Senior Design - main\\senior_design_ADC - SPI\\ADCT0ATrigger.axf" 
Connecting: Mode=JTAG, Speed=1000000Hz
Erase Done.
Programming Done.
Verify OK.
</pre>
</body>
</html>
