<html>
<body>
<pre>
<h1>µVision Build Log</h1>
<h2>Project:</h2>
C:\Keil\ValvanoWareTM4C123\Senior Design - main\senior_design_SPI\ADCT0ATrigger.uvproj
Project File Date:  02/20/2017

<h2>Output:</h2>
Build target 'Kevin'
compiling main.c...
main.c(40): warning:  #550-D: variable "buffer" was set but never used
        uint16_t buffer[10];
main.c: 1 warning, 0 errors
linking...
Program Size: Code=1264 RO-data=16 RW-data=0 ZI-data=1024  
".\ADCT0ATrigger.axf" - 0 Error(s), 1 Warning(s).
Load "C:\\Keil\\ValvanoWareTM4C123\\Senior Design - main\\senior_design_SPI\\ADCT0ATrigger.axf" 
Connecting: Mode=JTAG, Speed=1000000Hz
Erase Done.
Programming Done.
Verify OK.
</pre>
</body>
</html>
