<html>
<body>
<pre>
<h1>µVision Build Log</h1>
<h2>Project:</h2>
C:\Keil\ValvanoWareTM4C123\Senior Design - main\Senior_design_pwm\PWM.uvproj
Project File Date:  02/14/2017

<h2>Output:</h2>
Build target 'PWM'
linking...
Program Size: Code=2160 RO-data=16 RW-data=0 ZI-data=1120  
".\PWM.axf" - 0 Error(s), 0 Warning(s).
Load "C:\\Keil\\ValvanoWareTM4C123\\Senior Design - main\\Senior_design_pwm\\PWM.axf" 
Connecting: Mode=JTAG, Speed=1000000Hz
Connection failed!, error code=&d
Error: Flash Download failed  -  Target DLL has been cancelled
Load "C:\\Keil\\ValvanoWareTM4C123\\Senior Design - main\\Senior_design_pwm\\PWM.axf" 
Connecting: Mode=JTAG, Speed=1000000Hz
Erase Done.
Programming Done.
Verify OK.
</pre>
</body>
</html>
nior Design - main\\Senior_design_pwm\\PWM.axf" 
Connecting: Mode=JTAG, Speed=1000000Hz
Connection failed!, error code=&d
Error: Flash Download failed  -  Target DLL has been cancelled
Load "C:\\Keil\\ValvanoWareTM4C123\\Senior Design - main\\Senior_design_pwm\\PWM.axf" 
Connecting: Mode=JTAG, Speed=1000000Hz
Connection failed!, error code=&d
Error: Flash Download failed  -  Target DLL has been cancelled
Load "C:\\Keil\\ValvanoWareTM4C123\\Senior Design - main\\Senior_design_pwm\\PWM.axf" 
Connecting: Mode=JTAG, Speed=1000000Hz
Connection failed!, error code=&d
Error: Flash Download failed  -  Target DLL has been cancelled
