<html>
<body>
<pre>
<h1>µVision Build Log</h1>
<h2>Project:</h2>
C:\Keil\ValvanoWareTM4C123\Senior Design - main\senior_design_Load\Load.uvproj
Project File Date:  03/15/2017

<h2>Output:</h2>
Build target 'Load'
compiling main.c...
linking...
Program Size: Code=2692 RO-data=16 RW-data=0 ZI-data=1056  
".\ADCT0ATrigger.axf" - 0 Error(s), 0 Warning(s).
</pre>
</body>
</html>
m Size: Code=2692 RO-data=16 RW-data=0 ZI-data=1056  
".\ADCT0ATrigger.axf" - 0 Error(s), 1 Warning(s).
 6kHz sampling
main.c: 2 warnings, 0 errors
linking...
.\ADCT0ATrigger.axf: Error: L6218E: Undefined symbol ADC0_InitTimer0ATriggerSeq3 (referred from main.o).
Not enough information to list image symbols.
Finished: 1 information, 0 warning and 1 error messages.
".\ADCT0ATrigger.axf" - 1 Error(s), 2 Warning(s).
Target not created
ltiply defined (by adc.o and adct0atrigger.o).
Not enough information to list image symbols.
Not enough information to list the image map.
Finished: 2 information, 0 warning and 3 error messages.
".\ADCT0ATrigger.axf" - 3 Error(s), 1 Warning(s).
Target not created
rigger.axf" - 6 Error(s), 0 Warning(s).
Target not created
